// Jest Snapshot v1, https://goo.gl/fbAQLP

exports[`matches snapshot  1`] = `
<div
  className="MuiGrid-root makeStyles-root-1 MuiGrid-container MuiGrid-direction-xs-column"
>
  <div
    className="react-reveal"
    style={
      Object {
        "opacity": undefined,
      }
    }
  >
    <div
      className="MuiGrid-root makeStyles-option-2 MuiGrid-container MuiGrid-justify-xs-flex-end"
    >
      <div
        className="MuiGrid-root makeStyles-link-4 MuiGrid-item"
        onClick={[Function]}
      >
        Reset
      </div>
      <div
        className="MuiGrid-root makeStyles-margin-5 MuiGrid-item"
      >
        |
      </div>
      <div
        className="MuiGrid-root makeStyles-margin-5 MuiGrid-item"
      >
        <a
          className="makeStyles-link-4"
          href="https://www.geektrust.in/"
        >
          Geek Trust Home
        </a>
      </div>
    </div>
  </div>
  <div
    className="MuiGrid-root makeStyles-heading-3 MuiGrid-item"
  >
    <div
      className="react-reveal"
      style={
        Object {
          "opacity": undefined,
        }
      }
    >
      <h2
        className="MuiTypography-root MuiTypography-h2"
      >
        Finding Falcone!
      </h2>
    </div>
  </div>
</div>
`;
