// Jest Snapshot v1, https://goo.gl/fbAQLP

exports[`matches snapshot error 1`] = `
Array [
  <div
    className="MuiGrid-root makeStyles-root-1"
  >
    <div
      className="react-reveal"
      style={
        Object {
          "opacity": undefined,
        }
      }
    >
      <h5
        className="MuiTypography-root MuiTypography-h5"
      >
        Select planets you want to search in:
      </h5>
    </div>
  </div>,
  <div
    className="MuiGrid-root MuiGrid-container MuiGrid-align-items-xs-center MuiGrid-justify-xs-center"
  >
    <div
      className="MuiGrid-root MuiGrid-item MuiGrid-grid-sm-2"
    />
    <div
      className="MuiGrid-root makeStyles-center-2 MuiGrid-item MuiGrid-grid-xs-12 MuiGrid-grid-sm-8"
    >
      <div
        className="MuiGrid-root MuiGrid-container MuiGrid-direction-xs-column MuiGrid-align-items-xs-center MuiGrid-justify-xs-center"
      >
        <div
          className="react-reveal"
          style={
            Object {
              "opacity": undefined,
            }
          }
        >
          <div
            className="MuiGrid-root MuiGrid-item"
          >
            <h4
              className="MuiTypography-root makeStyles-root-1 MuiTypography-h4"
            >
              Loading Please wait
            </h4>
          </div>
        </div>
        <div
          className="react-reveal"
          style={
            Object {
              "opacity": undefined,
            }
          }
        >
          <div
            className="MuiGrid-root MuiGrid-item"
          >
            <div
              className="MuiCircularProgress-root MuiCircularProgress-colorSecondary MuiCircularProgress-indeterminate"
              role="progressbar"
              style={
                Object {
                  "height": 40,
                  "width": 40,
                }
              }
            >
              <svg
                className="MuiCircularProgress-svg"
                viewBox="22 22 44 44"
              >
                <circle
                  className="MuiCircularProgress-circle MuiCircularProgress-circleIndeterminate"
                  cx={44}
                  cy={44}
                  fill="none"
                  r={20.2}
                  strokeWidth={3.6}
                  style={Object {}}
                />
              </svg>
            </div>
          </div>
        </div>
      </div>
      <div
        className="react-reveal"
        style={
          Object {
            "opacity": undefined,
          }
        }
      >
        <h5
          className="MuiTypography-root makeStyles-root-1 MuiTypography-h5"
        >
          Time Taken: 
          0
        </h5>
      </div>
      <button
        className="react-reveal makeStyles-disable-4"
        disabled={true}
        onClick={[Function]}
        style={
          Object {
            "opacity": undefined,
          }
        }
      >
        Find Falcone
      </button>
    </div>
    <div
      className="MuiGrid-root MuiGrid-item MuiGrid-grid-sm-2"
    />
  </div>,
]
`;

exports[`matches snapshot loading 1`] = `
Array [
  <div
    className="MuiGrid-root makeStyles-root-1"
  >
    <div
      className="react-reveal"
      style={
        Object {
          "opacity": undefined,
        }
      }
    >
      <h5
        className="MuiTypography-root MuiTypography-h5"
      >
        Select planets you want to search in:
      </h5>
    </div>
  </div>,
  <div
    className="MuiGrid-root MuiGrid-container MuiGrid-align-items-xs-center MuiGrid-justify-xs-center"
  >
    <div
      className="MuiGrid-root MuiGrid-item MuiGrid-grid-sm-2"
    />
    <div
      className="MuiGrid-root makeStyles-center-2 MuiGrid-item MuiGrid-grid-xs-12 MuiGrid-grid-sm-8"
    >
      <div
        className="MuiGrid-root MuiGrid-container MuiGrid-direction-xs-column MuiGrid-align-items-xs-center MuiGrid-justify-xs-center"
      >
        <div
          className="react-reveal"
          style={
            Object {
              "opacity": undefined,
            }
          }
        >
          <div
            className="MuiGrid-root MuiGrid-item"
          >
            <h4
              className="MuiTypography-root makeStyles-root-1 MuiTypography-h4"
            >
              Loading Please wait
            </h4>
          </div>
        </div>
        <div
          className="react-reveal"
          style={
            Object {
              "opacity": undefined,
            }
          }
        >
          <div
            className="MuiGrid-root MuiGrid-item"
          >
            <div
              className="MuiCircularProgress-root MuiCircularProgress-colorSecondary MuiCircularProgress-indeterminate"
              role="progressbar"
              style={
                Object {
                  "height": 40,
                  "width": 40,
                }
              }
            >
              <svg
                className="MuiCircularProgress-svg"
                viewBox="22 22 44 44"
              >
                <circle
                  className="MuiCircularProgress-circle MuiCircularProgress-circleIndeterminate"
                  cx={44}
                  cy={44}
                  fill="none"
                  r={20.2}
                  strokeWidth={3.6}
                  style={Object {}}
                />
              </svg>
            </div>
          </div>
        </div>
      </div>
      <div
        className="react-reveal"
        style={
          Object {
            "opacity": undefined,
          }
        }
      >
        <h5
          className="MuiTypography-root makeStyles-root-1 MuiTypography-h5"
        >
          Time Taken: 
          0
        </h5>
      </div>
      <button
        className="react-reveal makeStyles-disable-4"
        disabled={true}
        onClick={[Function]}
        style={
          Object {
            "opacity": undefined,
          }
        }
      >
        Find Falcone
      </button>
    </div>
    <div
      className="MuiGrid-root MuiGrid-item MuiGrid-grid-sm-2"
    />
  </div>,
]
`;
